This failure type has occurred 48062 times in 7 days. Root causes: unknown.

<!-- RepID: CAB5C0D7 | Signed by Trinity System -->